digraph{
	n0[shape="cylinder",label="/data/tmf/jrc/zips"];
	n1[shape="cylinder",label="/data/tmf/jrc/tif"];
	n3[shape="cylinder",label="/data/tmf/fcc-cpcs"];
	n5[shape="cylinder",label="/data/tmf/ecoregions/ecoregions.geojson"];
	n7[shape="cylinder",label="/data/tmf/ecoregions"];
	n9[shape="cylinder",label="/data/tmf/access/raw.tif"];
	n11[shape="cylinder",label="/data/tmf/access"];
	n13[shape="cylinder",label="/data/tmf/osm_borders.geojson"];
	n15[shape="cylinder",label="/data/tmf/project_boundaries/123.geojson"];
	n16[shape="cylinder",label="/data/tmf/123/buffer.geojson"];
	n18[shape="cylinder",label="/data/tmf/123/leakage.geojson"];
	n20[shape="cylinder",label="/data/tmf/123/luc.tif"];
	n22[shape="cylinder",label="/data/tmf/gedi"];
	n25[shape="cylinder",label="/data/tmf/123/carbon-density.csv"];
	n27[shape="cylinder",label="/data/tmf/123/country-list.json"];
	n29[shape="cylinder",label="/data/tmf/project_boundaries"];
	n30[shape="cylinder",label="/data/tmf/project_boundaries/123/matching-area.geojson"];
	n32[shape="cylinder",label="/data/tmf/srtm/zip"];
	n33[shape="cylinder",label="/data/tmf/srtm/tif"];
	n35[shape="cylinder",label="/data/tmf/slopes"];
	n37[shape="cylinder",label="/data/tmf/rescaled-elevation"];
	n39[shape="cylinder",label="/data/tmf/rescaled-slopes"];
	n41[shape="cylinder",label="/data/tmf/123/countries.tif"];
	n43[shape="cylinder",label="/data/tmf/123/k.parquet"];
	n45[shape="cylinder",label="/data/tmf/123/matching-area.geojson"];
	n46[shape="cylinder",label="/data/tmf/123/matches"];
	n48[shape="cylinder",label="/data/tmf/123/matches.tif"];
	n50[shape="cylinder",label="/data/tmf/123/matches.parquet"];
	n52[shape="cylinder",label="/data/tmf/123/pairs"];
	n54[shape="cylinder",label="/data/tmf/123/additionality.csv"];
subgraph "cluster_0" {
	label = "JRC"
	n2[shape="box",label="methods.inputs.download_jrc_data"];
	n2->n0[penwidth="2.0"];
	n2->n1[penwidth="2.0"];

	n1->n4[penwidth="2.0"];
	n4[shape="box",label="methods.inputs.generate_fine_circular_coverage"];
	n4->n3[penwidth="2.0"];

}
subgraph "cluster_1" {
	label = "Ecoregions"
	n6[shape="box",label="methods.inputs.download_shapefiles"];
	n6->n5[penwidth="2.0"];

	n5->n8[penwidth="2.0"];
	n1->n8[penwidth="2.0"];
	n8[shape="box",label="methods.inputs.generate_ecoregion_rasters"];
	n8->n7[penwidth="2.0"];

}
subgraph "cluster_2" {
	label = "ACCESS"
	n10[shape="box",label="methods.inputs.download_accessibility"];
	n10->n9[penwidth="2.0"];

	n9->n12[penwidth="2.0"];
	n1->n12[penwidth="2.0"];
	n12[shape="box",label="methods.inputs.generate_access_tiles"];
	n12->n11[penwidth="2.0"];

}
subgraph "cluster_3" {
	label = "Country boarders"
	n14[shape="box",label="methods.inputs.osm_countries"];
	n14->n13[penwidth="2.0"];

}
subgraph "cluster_4" {
	label = "Make variations on project shapes"
	n17[shape="box",label="methods.inputs.generate_boundary"];
	n17->n15[penwidth="2.0"];
	n17->n16[penwidth="2.0"];

	n15->n19[penwidth="2.0"];
	n19[shape="box",label="methods.inputs.generate_leakage"];
	n19->n18[penwidth="2.0"];

}
subgraph "cluster_5" {
	label = "Make LUC tiles"
	n16->n21[penwidth="2.0"];
	n1->n21[penwidth="2.0"];
	n21[shape="box",label="methods.inputs.generate_luc_layer"];
	n21->n20[penwidth="2.0"];

}
subgraph "cluster_6" {
	label = "GEDI data"
	n16->n23[penwidth="2.0"];
	n23[shape="box",label="methods.inputs.download_gedi_data"];
	n23->n22[penwidth="2.0"];

	n22->n24[penwidth="2.0"];
	n24[shape="box",label="methods.inputs.import_gedi_data"];

	n16->n26[penwidth="2.0"];
	n20->n26[penwidth="2.0"];
	n26[shape="box",label="methods.inputs.generate_carbon_density"];
	n26->n25[penwidth="2.0"];

	n15->n28[penwidth="2.0"];
	n13->n28[penwidth="2.0"];
	n28[shape="box",label="methods.inputs.generate_country_list"];
	n28->n27[penwidth="2.0"];

	n15->n31[penwidth="2.0"];
	n27->n31[penwidth="2.0"];
	n13->n31[penwidth="2.0"];
	n5->n31[penwidth="2.0"];
	n31[shape="box",label="methods.inputs.generate_matching_area"];
	n31->n29[penwidth="2.0"];
	n31->n30[penwidth="2.0"];

}
subgraph "cluster_7" {
	label = "Elevation and slope data"
	n15->n34[penwidth="2.0"];
	n30->n34[penwidth="2.0"];
	n34[shape="box",label="methods.inputs.download_srtm_data"];
	n34->n32[penwidth="2.0"];
	n34->n33[penwidth="2.0"];

	n33->n36[penwidth="2.0"];
	n36[shape="box",label="methods.inputs.generate_slope"];
	n36->n35[penwidth="2.0"];

	n1->n38[penwidth="2.0"];
	n33->n38[penwidth="2.0"];
	n38[shape="box",label="methods.inputs.rescale_tiles_to_jrc"];
	n38->n37[penwidth="2.0"];

	n1->n40[penwidth="2.0"];
	n35->n40[penwidth="2.0"];
	n40[shape="box",label="methods.inputs.rescale_tiles_to_jrc"];
	n40->n39[penwidth="2.0"];

}
subgraph "cluster_8" {
	label = "Country raster"
	n1->n42[penwidth="2.0"];
	n30->n42[penwidth="2.0"];
	n13->n42[penwidth="2.0"];
	n42[shape="box",label="methods.inputs.generate_country_raster"];
	n42->n41[penwidth="2.0"];

}
subgraph "cluster_9" {
	label = "Calculate set K"
	n15->n44[penwidth="2.0"];
	n1->n44[penwidth="2.0"];
	n3->n44[penwidth="2.0"];
	n7->n44[penwidth="2.0"];
	n37->n44[penwidth="2.0"];
	n39->n44[penwidth="2.0"];
	n11->n44[penwidth="2.0"];
	n41->n44[penwidth="2.0"];
	n44[shape="box",label="methods.matching.calculate_k"];
	n44->n43[penwidth="2.0"];

}
subgraph "cluster_10" {
	label = "Calculate set M"
	n43->n47[penwidth="2.0"];
	n1->n47[penwidth="2.0"];
	n3->n47[penwidth="2.0"];
	n7->n47[penwidth="2.0"];
	n37->n47[penwidth="2.0"];
	n39->n47[penwidth="2.0"];
	n11->n47[penwidth="2.0"];
	n41->n47[penwidth="2.0"];
	n47[shape="box",label="methods.matching.find_potential_matches"];
	n47->n45[penwidth="2.0"];
	n47->n46[penwidth="2.0"];

	n46->n49[penwidth="2.0"];
	n49[shape="box",label="methods.matching.build_m_raster"];
	n49->n48[penwidth="2.0"];

	n48->n51[penwidth="2.0"];
	n45->n51[penwidth="2.0"];
	n1->n51[penwidth="2.0"];
	n3->n51[penwidth="2.0"];
	n7->n51[penwidth="2.0"];
	n37->n51[penwidth="2.0"];
	n39->n51[penwidth="2.0"];
	n11->n51[penwidth="2.0"];
	n41->n51[penwidth="2.0"];
	n51[shape="box",label="methods.matching.build_m_table"];
	n51->n50[penwidth="2.0"];

}
subgraph "cluster_11" {
	label = "Find pairs"
	n43->n53[penwidth="2.0"];
	n50->n53[penwidth="2.0"];
	n53[shape="box",label="methods.matching.find_pairs"];
	n53->n52[penwidth="2.0"];

}
subgraph "cluster_12" {
	label = "Calculate additionality"
	n15->n55[penwidth="2.0"];
	n25->n55[penwidth="2.0"];
	n52->n55[penwidth="2.0"];
	n55[shape="box",label="methods.outputs.calculate_additionality"];
	n55->n54[penwidth="2.0"];

}
}
